// Jest Snapshot v1, https://goo.gl/fbAQLP

exports[`<SearchBar /> should render without crashing 1`] = `
<div
  className="SearchBar"
>
  <div
    className="brand"
  >
    <a
      href="https://www.instagram.com/?hl=en"
    >
      <i
        className="fab fa-instagram fa-3x"
      />
    </a>
    <p>
      Instagram
    </p>
  </div>
  <form
    onSubmit={[Function]}
  >
    <input
      name="user"
      onChange={[Function]}
      placeholder="Search here..."
      type="text"
      value=""
    />
  </form>
  <div>
    <a
      className="accentLogo"
      href="https://www.instagram.com/?hl=en"
    >
      <i
        className="far fa-compass fa-2x"
      />
    </a>
    <a
      className="accentLogo"
      href="https://www.instagram.com/?hl=en"
    >
      <i
        className="far fa-heart fa-2x"
      />
    </a>
    <a
      className="accentLogo"
      href="https://www.instagram.com/?hl=en"
    >
      <i
        className="far fa-user fa-2x"
      />
    </a>
  </div>
</div>
`;
